bands from config/rules.example.yaml: (('B', 0, 0), ('C', 90, 180))
iv backfill 2025-08-19 -> 2026-10-03
  sessions seen           : 283
  sessions without close  : 11
  sessions with >=1 obs   : 92
  observations written    : 342
  api calls               : 27
  retries (transient 429/5xx): 0
  terminal 403 refusals    : 0
  bands (arm, dte, sessions): [('C', 90, 180, 283)]
  origins                 : {'backfill': 342}
  tenor key -> observations:
    mte91-put-mny+0.00                    90
    mte91-call-mny+0.00                   81
    20260116-call-655.00                   4
    20260116-put-655.00                    4
    20251128-call-635.00                   3
    20251219-call-650.00                   3
    20251219-put-650.00                    3
    20260130-put-680.00                    3
    20260417-call-685.00                   3
    20260417-put-685.00                    3
    20260731-call-710.00                   3
    20260731-put-710.00                    3
    20260821-put-740.00                    3
    20261120-call-765.00                   3
    20261120-put-765.00                    3
    20261218-call-760.00                   3
    20261218-put-760.00                    3
    20251121-call-630.00                   2
    20251121-put-630.00                    2
    20251128-put-640.00                    2
    20251219-call-655.00                   2
    20251219-put-655.00                    2
    20260130-call-680.00                   2
    20260130-put-675.00                    2
    20260220-call-655.00                   2
    20260220-put-655.00                    2
    20260227-call-670.00                   2
    20260227-put-670.00                    2
    20260320-call-670.00                   2
    20260320-call-675.00                   2
    20260320-put-670.00                    2
    20260320-put-675.00                    2
    20260417-call-690.00                   2
    20260417-put-690.00                    2
    20260515-call-675.00                   2
    20260515-put-675.00                    2
    20260515-put-685.00                    2
    20260529-put-680.00                    2
    20260529-put-685.00                    2
    20260731-call-715.00                   2
    20260731-put-715.00                    2
    20260821-call-740.00                   2
    20260918-put-745.00                    2
    20261016-call-750.00                   2
    20261016-put-750.00                    2
    20261030-call-740.00                   2
    20261030-put-740.00                    2
    20251121-call-625.00                   1
    20251121-call-635.00                   1
    20251121-put-625.00                    1
    20251121-put-635.00                    1
    20251128-call-640.00                   1
    20251128-put-635.00                    1
    20260116-call-660.00                   1
    20260116-put-660.00                    1
    20260130-call-675.00                   1
    20260220-call-645.00                   1
    20260220-call-650.00                   1
    20260220-call-660.00                   1
    20260220-put-645.00                    1
    20260220-put-650.00                    1
    20260220-put-660.00                    1
    20260227-call-660.00                   1
    20260227-call-675.00                   1
    20260227-put-660.00                    1
    20260227-put-675.00                    1
    20260320-call-665.00                   1
    20260320-put-665.00                    1
    20260515-call-690.00                   1
    20260515-put-690.00                    1
    20260529-call-680.00                   1
    20260529-call-685.00                   1
    20260529-put-675.00                    1
    20260717-call-685.00                   1
    20260717-call-690.00                   1
    20260717-call-695.00                   1
    20260717-call-700.00                   1
    20260717-call-705.00                   1
    20260717-put-685.00                    1
    20260717-put-690.00                    1
    20260717-put-695.00                    1
    20260717-put-700.00                    1
    20260717-put-705.00                    1
    20260821-call-730.00                   1
    20260821-call-735.00                   1
    20260821-put-730.00                    1
    20260821-put-735.00                    1
    20260918-call-745.00                   1
    20260918-call-750.00                   1
    20260918-put-735.00                    1
    20260918-put-750.00                    1
    20261016-call-740.00                   1
    20261016-call-745.00                   1
    20261016-call-755.00                   1
    20261016-put-740.00                    1
    20261016-put-745.00                    1
    20261016-put-755.00                    1
    20261030-call-730.00                   1
    20261030-call-735.00                   1
    20261030-call-745.00                   1
    20261030-put-730.00                    1
    20261030-put-735.00                    1
    20261030-put-745.00                    1
    20261120-call-760.00                   1
    20261120-call-770.00                   1
    20261120-put-760.00                    1
    20261120-put-770.00                    1
    20261218-call-750.00                   1
    20261218-call-755.00                   1
    20261218-put-750.00                    1
    20261218-put-755.00                    1
report written to scratch/backfill-report.json
